// Jest Snapshot v1, https://goo.gl/fbAQLP

exports[`PanelWelcome tests basic tests matches the snapshot 1`] = `
.c9 {
  box-sizing: border-box;
  font-family: Poppins,sans-serif;
  font-weight: 400;
  -webkit-font-smoothing: antialiased;
  margin: 0;
}

.c8 {
  font-size: 48px;
}

.c12 {
  box-sizing: border-box;
  font-family: Poppins,sans-serif;
  font-weight: 400;
  -webkit-font-smoothing: antialiased;
  margin: 0;
}

.c11 {
  font-size: 40px;
}

.c21 {
  --button-main-color: #FB542B;
  --button-main-color-hover: #FB542B;
  --button-main-color-active: #ffb8a6;
  --button-state-color: var(--button-main-color);
  --icon-size: 18px;
  --icon-spacing: 6px;
  --webkit-appearance: none;
  box-sizing: border-box;
  background: none;
  border: none;
  outline-color: transparent;
  display: -webkit-box;
  display: -webkit-flex;
  display: -ms-flexbox;
  display: flex;
  -webkit-flex-direction: row;
  -ms-flex-direction: row;
  flex-direction: row;
  -webkit-box-pack: center;
  -webkit-justify-content: center;
  -ms-flex-pack: center;
  justify-content: center;
  -webkit-align-items: center;
  -webkit-box-align: center;
  -ms-flex-align: center;
  align-items: center;
  font-family: Poppins,sans-serif;
  cursor: pointer;
  -webkit-user-select: none;
  -moz-user-select: none;
  -ms-user-select: none;
  user-select: none;
  font-size: 14px;
  border-radius: 28px;
  width: 100%;
  min-width: 235px;
  padding: 19px 15px;
}

.c21:hover:enabled {
  --button-state-color: var(--button-main-color-hover);
}

.c21:active:enabled {
  --button-state-color: var(--button-main-color-active);
}

.c20 {
  color: #fff;
  background: var(--button-state-color);
  border: 1px solid var(--button-state-color);
}

.c22 {
  min-height: var(--icon-size);
  display: -webkit-box;
  display: -webkit-flex;
  display: -ms-flexbox;
  display: flex;
  -webkit-align-items: center;
  -webkit-box-align: center;
  -ms-flex-align: center;
  align-items: center;
  text-align: center;
  -webkit-letter-spacing: 0;
  -moz-letter-spacing: 0;
  -ms-letter-spacing: 0;
  letter-spacing: 0;
  font-weight: 500;
  text-transform: uppercase;
  line-height: 1;
}

.c0 {
  position: relative;
  text-align: center;
  font-family: Poppins,sans-serif;
  background-image: linear-gradient(180deg,#4C54D2 0%,#563195 100%);
  padding: 42px;
}

.c1 {
  position: absolute;
  top: 20px;
  right: 20px;
  cursor: pointer;
  width: 11px;
  height: 11px;
  color: #fff;
}

.c3 {
  margin-bottom: 42px;
}

.c4 {
  display: inline-block;
  vertical-align: middle;
  width: 50px;
  height: 50px;
}

.c6 {
  width: calc(100% - 50px);
  vertical-align: middle;
  display: inline-block;
  padding-left: 22px;
}

.c7 {
  color: #fff;
  text-align: left;
  font-size: 22px;
  line-height: 24px;
  font-weight: 600;
}

.c10 {
  color: #fff;
  text-align: left;
  font-family: Muli,sans-serif;
  font-size: 14px;
  line-height: 24px;
}

.c13 {
  font-weight: 600;
  font-size: 14px;
  text-align: left;
  color: #fff;
}

.c14 {
  color: #fff;
  margin: 15px 0;
}

.c15 {
  display: inline-block;
  width: 24px;
  height: 24px;
  vertical-align: middle;
}

.c17 {
  vertical-align: middle;
  text-align: left;
  font-family: Muli,sans-serif;
  font-size: 15px;
  line-height: 20px;
  display: inline-block;
  width: calc(100% - 30px);
  padding-left: 12px;
}

.c18 {
  font-size: 14px;
  line-height: 20px;
  font-weight: 600;
  color: #fff;
  padding: 20px 24px;
  border-top: 1px solid rgba(255,255,255,0.5433);
  margin: 30px 0 0;
}

.c19 {
  padding: 11px 15px;
}

.c23 {
  font-family: Muli,sans-serif;
  font-size: 12px;
  color: #fff;
  margin-top: 25px;
}

.c24 {
  display: inline-block;
  vertical-align: middle;
  width: 20px;
  height: 20px;
}

.c2 {
  width: 100%;
  height: 100%;
  fill: currentColor;
}

.c16 {
  width: 100%;
  height: 100%;
  fill: currentColor;
}

.c5 {
  width: 100%;
  height: 100%;
  fill: currentColor;
}

.c25 {
  width: 100%;
  height: 100%;
  fill: currentColor;
}

<div
  className="c0"
  id="panel-verify"
>
  <div
    className="c1"
  >
    <svg
      aria-hidden="true"
      className="c2"
      focusable="false"
      viewBox="0 0 32 32"
    >
      <path
        d="M28.71 27.29L17.41 16l11.3-11.29a1 1 0 1 0-1.42-1.42L16 14.59 4.71 3.29a1 1 0 0 0-1.42 1.42L14.59 16 3.29 27.29a1 1 0 0 0 0 1.42 1 1 0 0 0 1.42 0L16 17.41l11.29 11.3a1 1 0 0 0 1.42 0 1 1 0 0 0 0-1.42z"
      />
    </svg>
  </div>
  <div
    className="c3"
  >
    <div
      className="c4"
    >
      <svg
        aria-hidden="true"
        className="c5"
        focusable="false"
        viewBox="0 0 32 32"
      >
        <defs>
          <path
            d="M.003.032h23.21V23H.002z"
            id="rewards-a"
          />
        </defs>
        <g
          fill="none"
          fillRule="evenodd"
        >
          <g
            transform="translate(6.755 4.5)"
          >
            <mask
              fill="#fff"
              id="rewards-b"
            >
              <use
                xlinkHref="#rewards-a"
              />
            </mask>
            <path
              d="M22.157 16.214a.525.525 0 0 1-.527.522h-3.693a2.1 2.1 0 0 1-2.11-2.088c0-1.151.946-2.088 2.11-2.088h3.693c.29 0 .527.234.527.522v3.132zm-2.11 5.742H2.11a1.051 1.051 0 0 1-1.055-1.044V8.384c0-.575.474-1.044 1.055-1.044h17.937c.582 0 1.055.469 1.055 1.044v3.132h-3.165c-1.746 0-3.166 1.405-3.166 3.132s1.42 3.132 3.166 3.132h3.165v3.132a1.05 1.05 0 0 1-1.055 1.044zm-5.195-20.74a1.03 1.03 0 0 1 .783-.105c.27.072.495.244.634.485l.001.002-8.156 4.698H6.031l8.82-5.08zm2.987 3.094l1.15 1.986H14.39l3.448-1.986zm-7.628 1.986l6.583-3.792.521.9-5.021 2.892H10.21zm11.946 5.316V8.384c0-1.094-.858-1.984-1.942-2.07l-3.03-5.237a2.082 2.082 0 0 0-1.277-.974 2.092 2.092 0 0 0-1.587.21L3.934 6.296H2.11C.946 6.296 0 7.233 0 8.384v12.528A2.1 2.1 0 0 0 2.11 23h17.937a2.1 2.1 0 0 0 2.11-2.088v-3.228a1.565 1.565 0 0 0 1.055-1.47v-3.132c0-.68-.442-1.253-1.055-1.47z"
              fill="#A1A8F2"
              mask="url(#rewards-b)"
            />
          </g>
          <path
            d="M24.132 18.176a.939.939 0 0 0-.943.932c0 .514.423.933.943.933s.942-.419.942-.933a.939.939 0 0 0-.942-.932"
            fill="#A1A8F2"
          />
          <g
            transform="translate(2 8.682)"
          >
            <ellipse
              cx="6.34"
              cy="6.273"
              fill="#1BBA6A"
              rx="6.34"
              ry="6.273"
            />
            <path
              d="M2.635 6.502l.462-.729 2.583 1.51 3.968-3.307.517.694L5.68 9.827z"
              fill="#FFF"
            />
          </g>
        </g>
      </svg>
    </div>
    <div
      className="c6"
    >
      <h1
        className="c7 c8 c9"
      >
        MISSING: walletVerificationTitle1
      </h1>
      <h2
        className="c10 c11 c12"
      >
        MISSING: walletVerificationTitle2
      </h2>
    </div>
  </div>
  <h1
    className="c13 c8 c9"
  >
    MISSING: walletVerificationListHeader
  </h1>
  <div
    className="c14"
  >
    <div
      className="c15"
    >
      <svg
        aria-hidden="true"
        className="c16"
        focusable="false"
        viewBox="0 0 32 32"
      >
        <g
          fill="none"
          fillRule="evenodd"
          transform="translate(2 2)"
        >
          <circle
            cx="14"
            cy="14"
            fill="#FFF"
            r="14"
          />
          <path
            d="M5.818 14.512l1.02-1.627 5.704 3.37 8.764-7.381 1.143 1.548-9.907 11.511z"
            fill="#A1A8F2"
          />
        </g>
      </svg>
    </div>
    <div
      className="c17"
    >
      MISSING: walletVerificationList1
    </div>
  </div>
  <div
    className="c14"
  >
    <div
      className="c15"
    >
      <svg
        aria-hidden="true"
        className="c16"
        focusable="false"
        viewBox="0 0 32 32"
      >
        <g
          fill="none"
          fillRule="evenodd"
          transform="translate(2 2)"
        >
          <circle
            cx="14"
            cy="14"
            fill="#FFF"
            r="14"
          />
          <path
            d="M5.818 14.512l1.02-1.627 5.704 3.37 8.764-7.381 1.143 1.548-9.907 11.511z"
            fill="#A1A8F2"
          />
        </g>
      </svg>
    </div>
    <div
      className="c17"
    >
      MISSING: walletVerificationList2
    </div>
  </div>
  <div
    className="c14"
  >
    <div
      className="c15"
    >
      <svg
        aria-hidden="true"
        className="c16"
        focusable="false"
        viewBox="0 0 32 32"
      >
        <g
          fill="none"
          fillRule="evenodd"
          transform="translate(2 2)"
        >
          <circle
            cx="14"
            cy="14"
            fill="#FFF"
            r="14"
          />
          <path
            d="M5.818 14.512l1.02-1.627 5.704 3.37 8.764-7.381 1.143 1.548-9.907 11.511z"
            fill="#A1A8F2"
          />
        </g>
      </svg>
    </div>
    <div
      className="c17"
    >
      MISSING: walletVerificationList3
    </div>
  </div>
  <div
    className="c18"
  >
    MISSING: walletVerificationID
  </div>
  <button
    className="c19 c20 c21"
    size="call-to-action"
    type="accent"
  >
    <div
      className="c22"
      size="call-to-action"
      type="accent"
    >
      MISSING: walletVerificationButton
    </div>
  </button>
  <div
    className="c23"
  >
    MISSING: walletVerificationFooter
     
    <b>
      Uphold
    </b>
    <div
      className="c24"
    >
      <svg
        aria-hidden="true"
        className="c25"
        focusable="false"
        viewBox="0 0 32 32"
      >
        <defs>
          <linearGradient
            gradientTransform="matrix(18 0 0 -22 6834 12848)"
            gradientUnits="userSpaceOnUse"
            id="a"
            x1="-378.78"
            x2="-378.78"
            y1="583.86"
            y2="582.86"
          >
            <stop
              offset="0"
              stopColor="#78be06"
            />
            <stop
              offset="1"
              stopColor="#ff523c"
            />
          </linearGradient>
          <linearGradient
            gradientTransform="matrix(14 0 0 -19 5226 11171)"
            gradientUnits="userSpaceOnUse"
            id="b"
            x1="-372.29"
            x2="-372.29"
            y1="587.63"
            y2="586.66"
          >
            <stop
              offset="0"
              stopColor="#fab406"
            />
            <stop
              offset="1"
              stopColor="#fa5235"
            />
          </linearGradient>
          <linearGradient
            gradientTransform="matrix(-14 0 0 -19 -6012 11171)"
            gradientUnits="userSpaceOnUse"
            id="c"
            x1="-430.71"
            x2="-430.71"
            y1="587.63"
            y2="586.66"
          >
            <stop
              offset="0"
              stopColor="#3d58d0"
            />
            <stop
              offset="1"
              stopColor="#78b81b"
            />
          </linearGradient>
        </defs>
        <path
          d="M13.21 28.51a1 1 0 0 1 .67-1.89 6.1 6.1 0 0 0 4.24 0 1 1 0 0 1 .67 1.89 8.19 8.19 0 0 1-5.58 0z"
          fill="#ff523c"
        />
        <path
          d="M16 25c-5 0-9-5-9-11s4-11 9-11 9 5 9 11-4 11-9 11zm0-2c3.81 0 7-4 7-9s-3.19-9-7-9-7 4-7 9 3.19 9 7 9z"
          fill="url(#a)"
        />
        <path
          d="M16 25c-5 0-9-5-9-11 0-.25 0-.66.07-1.19a13.81 13.81 0 0 1 .47-2.58C8.27 7.66 9.69 6 12 6c4.74 0 9 5.14 9 11 0 5.13-2.2 8-5 8zm0-2c1.56 0 3-1.88 3-6 0-4.83-3.45-9-7-9-1.19 0-2 1-2.54 2.77a12.53 12.53 0 0 0-.4 2.23A9.51 9.51 0 0 0 9 14c0 5 3.19 9 7 9z"
          fill="url(#b)"
        />
         
        <path
          d="M16 25c5 0 9-5 9-11 0-.25 0-.66-.07-1.19a13.81 13.81 0 0 0-.47-2.58C23.73 7.66 22.31 6 20 6c-4.74 0-9 5.14-9 11 0 5.13 2.2 8 5 8zm0-2c-1.56 0-3-1.88-3-6 0-4.83 3.45-9 7-9 1.19 0 2 1 2.54 2.77a12.53 12.53 0 0 1 .4 2.23 9.51 9.51 0 0 1 .06 1c0 5-3.19 9-7 9z"
          fill="url(#c)"
        />
      </svg>
    </div>
  </div>
</div>
`;
